~ ⌚ 14:32:24
$ curl -v -X DELETE http://localhost:3000/events                                                              ‹ruby-2.2.1›
*   Trying ::1...
* connect to ::1 port 3000 failed: Connection refused
*   Trying 127.0.0.1...
* Connected to localhost (127.0.0.1) port 3000 (#0)
> DELETE /events HTTP/1.1
> Host: localhost:3000
> User-Agent: curl/7.43.0
> Accept: */*
>
< HTTP/1.1 205 Reset Content
< X-Frame-Options: SAMEORIGIN
< X-Xss-Protection: 1; mode=block
< X-Content-Type-Options: nosniff
< Content-Type: application/json; charset=utf-8
< Cache-Control: no-cache
< X-Request-Id: b635d813-49c9-4548-af38-df721d046de6
< X-Runtime: 0.182939
< Server: WEBrick/1.3.1 (Ruby/2.2.1/2015-02-26)
< Date: Tue, 22 Dec 2015 21:32:35 GMT
< Content-Length: 4
< Connection: Keep-Alive
< Set-Cookie: request_method=DELETE; path=/
<
* Connection #0 to host localhost left intact
null%

~ ⌚ 14:32:35
$ curl -v -X DELETE http://localhost:3000/events/5                                                            ‹ruby-2.2.1›
*   Trying ::1...
* connect to ::1 port 3000 failed: Connection refused
*   Trying 127.0.0.1...
* Connected to localhost (127.0.0.1) port 3000 (#0)
> DELETE /events/5 HTTP/1.1
> Host: localhost:3000
> User-Agent: curl/7.43.0
> Accept: */*
>
< HTTP/1.1 204 No Content
< X-Frame-Options: SAMEORIGIN
< X-Xss-Protection: 1; mode=block
< X-Content-Type-Options: nosniff
< Cache-Control: no-cache
< X-Request-Id: e6e7108a-d9e4-45f7-a670-8c43774446ab
< X-Runtime: 0.013253
< Server: WEBrick/1.3.1 (Ruby/2.2.1/2015-02-26)
< Date: Tue, 22 Dec 2015 21:33:03 GMT
< Connection: Keep-Alive
< Set-Cookie: request_method=DELETE; path=/
<
* Connection #0 to host localhost left intact

~ ⌚ 14:33:03
$ curl -v -X POST "http://localhost:3000/events" -H "Content-Type: application/json" -d '{"data":"NAME is now at LATITUDE/LONGITUDE"}'
*   Trying ::1...
* connect to ::1 port 3000 failed: Connection refused
*   Trying 127.0.0.1...
* Connected to localhost (127.0.0.1) port 3000 (#0)
> POST /events HTTP/1.1
> Host: localhost:3000
> User-Agent: curl/7.43.0
> Accept: */*
> Content-Type: application/json
> Content-Length: 44
>
* upload completely sent off: 44 out of 44 bytes
< HTTP/1.1 201 Created
< X-Frame-Options: SAMEORIGIN
< X-Xss-Protection: 1; mode=block
< X-Content-Type-Options: nosniff
< Content-Type: application/json; charset=utf-8
< Etag: W/"177bd577f9b6b1bad4170c5d8e501c9e"
< Cache-Control: max-age=0, private, must-revalidate
< X-Request-Id: 97993590-bebe-4df5-8be1-cd0a55b5cc00
< X-Runtime: 0.007370
< Server: WEBrick/1.3.1 (Ruby/2.2.1/2015-02-26)
< Date: Tue, 22 Dec 2015 21:33:21 GMT
< Content-Length: 62
< Connection: Keep-Alive
< Set-Cookie: request_method=POST; path=/
<
* Connection #0 to host localhost left intact
{"event":{"id":21,"data":"NAME is now at LATITUDE/LONGITUDE"}}%

~ ⌚ 14:33:21
$ curl -v -X POST "http://localhost:3000/events" -H "Content-Type: application/json" -d '{"data":"NAME_22_1 is now at LATITUDE/LONGITUDE"}'
*   Trying ::1...
* connect to ::1 port 3000 failed: Connection refused
*   Trying 127.0.0.1...
* Connected to localhost (127.0.0.1) port 3000 (#0)
> POST /events HTTP/1.1
> Host: localhost:3000
> User-Agent: curl/7.43.0
> Accept: */*
> Content-Type: application/json
> Content-Length: 49
>
* upload completely sent off: 49 out of 49 bytes
< HTTP/1.1 201 Created
< X-Frame-Options: SAMEORIGIN
< X-Xss-Protection: 1; mode=block
< X-Content-Type-Options: nosniff
< Content-Type: application/json; charset=utf-8
< Etag: W/"67a63056c5444a212865c1cd707ef285"
< Cache-Control: max-age=0, private, must-revalidate
< X-Request-Id: 345ba58d-095a-4c1f-a3ee-a5ff9aae68e3
< X-Runtime: 0.004686
< Server: WEBrick/1.3.1 (Ruby/2.2.1/2015-02-26)
< Date: Tue, 22 Dec 2015 21:33:50 GMT
< Content-Length: 67
< Connection: Keep-Alive
< Set-Cookie: request_method=POST; path=/
<
* Connection #0 to host localhost left intact
{"event":{"id":22,"data":"NAME_22_1 is now at LATITUDE/LONGITUDE"}}%

~ ⌚ 14:33:50
$ curl -v -X POST "http://localhost:3000/events/5" -H "Content-Type: application/json" -d '{"data":"NAME_22_1 is now at LATITUDE/LONGITUDE"}'
*   Trying ::1...
* connect to ::1 port 3000 failed: Connection refused
*   Trying 127.0.0.1...
* Connected to localhost (127.0.0.1) port 3000 (#0)
> POST /events/5 HTTP/1.1
> Host: localhost:3000
> User-Agent: curl/7.43.0
> Accept: */*
> Content-Type: application/json
> Content-Length: 49
>
* upload completely sent off: 49 out of 49 bytes
< HTTP/1.1 400 Bad Request
< X-Frame-Options: SAMEORIGIN
< X-Xss-Protection: 1; mode=block
< X-Content-Type-Options: nosniff
< Content-Type: application/json; charset=utf-8
< Cache-Control: no-cache
< X-Request-Id: 84f24908-6c98-4c6e-94a5-b43a92783fe4
< X-Runtime: 0.003462
< Server: WEBrick/1.3.1 (Ruby/2.2.1/2015-02-26)
< Date: Tue, 22 Dec 2015 21:34:05 GMT
< Content-Length: 4
< Connection: Keep-Alive
< Set-Cookie: request_method=POST; path=/
<
* Connection #0 to host localhost left intact
null%

~ ⌚ 14:34:05
$ curl -v -X POST "http://localhost:3000/events/5" -H "Content-Type: application/json" -d '{"data":"NAME_22_1 is now at LATITUDE/LONGITUDE"}'

~ ⌚ 14:34:15
$ curl -v -X GET http://localhost:3000/events                                                                 ‹ruby-2.2.1›
*   Trying ::1...
* connect to ::1 port 3000 failed: Connection refused
*   Trying 127.0.0.1...
* Connected to localhost (127.0.0.1) port 3000 (#0)
> GET /events HTTP/1.1
> Host: localhost:3000
> User-Agent: curl/7.43.0
> Accept: */*
>
< HTTP/1.1 200 OK
< X-Frame-Options: SAMEORIGIN
< X-Xss-Protection: 1; mode=block
< X-Content-Type-Options: nosniff
< Content-Type: application/json; charset=utf-8
< Etag: W/"c2367a7e940d589a71e4e40bee1d1e25"
< Cache-Control: max-age=0, private, must-revalidate
< X-Request-Id: 3a499506-c4ed-4712-a047-5646329d2cb2
< X-Runtime: 0.004319
< Server: WEBrick/1.3.1 (Ruby/2.2.1/2015-02-26)
< Date: Tue, 22 Dec 2015 21:34:27 GMT
< Content-Length: 132
< Connection: Keep-Alive
<
* Connection #0 to host localhost left intact
[{"event":{"id":21,"data":"NAME is now at LATITUDE/LONGITUDE"}},{"event":{"id":22,"data":"NAME_22_1 is now at LATITUDE/LONGITUDE"}}]%

~ ⌚ 14:34:27
$ curl -v -X GET http://localhost:3000/events/21                                                              ‹ruby-2.2.1›
*   Trying ::1...
* connect to ::1 port 3000 failed: Connection refused
*   Trying 127.0.0.1...
* Connected to localhost (127.0.0.1) port 3000 (#0)
> GET /events/21 HTTP/1.1
> Host: localhost:3000
> User-Agent: curl/7.43.0
> Accept: */*
>
< HTTP/1.1 200 OK
< X-Frame-Options: SAMEORIGIN
< X-Xss-Protection: 1; mode=block
< X-Content-Type-Options: nosniff
< Content-Type: application/json; charset=utf-8
< Etag: W/"177bd577f9b6b1bad4170c5d8e501c9e"
< Cache-Control: max-age=0, private, must-revalidate
< X-Request-Id: 095f6da1-c0d3-42c8-bf49-7bfb99e0c546
< X-Runtime: 0.005015
< Server: WEBrick/1.3.1 (Ruby/2.2.1/2015-02-26)
< Date: Tue, 22 Dec 2015 21:34:43 GMT
< Content-Length: 62
< Connection: Keep-Alive
<
* Connection #0 to host localhost left intact
{"event":{"id":21,"data":"NAME is now at LATITUDE/LONGITUDE"}}%

~ ⌚ 14:34:43
$ curl -v -X GET http://localhost:3000/events/2                                                               ‹ruby-2.2.1›
*   Trying ::1...
* connect to ::1 port 3000 failed: Connection refused
*   Trying 127.0.0.1...
* Connected to localhost (127.0.0.1) port 3000 (#0)
> GET /events/2 HTTP/1.1
> Host: localhost:3000
> User-Agent: curl/7.43.0
> Accept: */*
>
< HTTP/1.1 204 No Content
< X-Frame-Options: SAMEORIGIN
< X-Xss-Protection: 1; mode=block
< X-Content-Type-Options: nosniff
< Cache-Control: no-cache
< X-Request-Id: ac3e086c-aef2-4878-8714-d0b44962252c
< X-Runtime: 0.003695
< Server: WEBrick/1.3.1 (Ruby/2.2.1/2015-02-26)
< Date: Tue, 22 Dec 2015 21:34:51 GMT
< Connection: Keep-Alive
<
* Connection #0 to host localhost left intact

~ ⌚ 14:34:51
$ curl -v -X PUT "http://localhost:3000/events/22" -H "Content-Type: application/json" -d '{"data":"NAME-22-2 is now at LATITUDE/LONGITUDE"}'
*   Trying ::1...
* connect to ::1 port 3000 failed: Connection refused
*   Trying 127.0.0.1...
* Connected to localhost (127.0.0.1) port 3000 (#0)
> PUT /events/22 HTTP/1.1
> Host: localhost:3000
> User-Agent: curl/7.43.0
> Accept: */*
> Content-Type: application/json
> Content-Length: 49
>
* upload completely sent off: 49 out of 49 bytes
< HTTP/1.1 202 Accepted
< X-Frame-Options: SAMEORIGIN
< X-Xss-Protection: 1; mode=block
< X-Content-Type-Options: nosniff
< Content-Type: application/json; charset=utf-8
< Cache-Control: no-cache
< X-Request-Id: ba571fee-0f56-4900-90b9-577db3d8c6e2
< X-Runtime: 0.007176
< Server: WEBrick/1.3.1 (Ruby/2.2.1/2015-02-26)
< Date: Tue, 22 Dec 2015 21:35:18 GMT
< Content-Length: 67
< Connection: Keep-Alive
< Set-Cookie: request_method=PUT; path=/
<
* Connection #0 to host localhost left intact
{"event":{"id":22,"data":"NAME-22-2 is now at LATITUDE/LONGITUDE"}}%

~ ⌚ 14:35:18
$ curl -v -X GET http://localhost:3000/events/22                                                              ‹ruby-2.2.1›
*   Trying ::1...
* connect to ::1 port 3000 failed: Connection refused
*   Trying 127.0.0.1...
* Connected to localhost (127.0.0.1) port 3000 (#0)
> GET /events/22 HTTP/1.1
> Host: localhost:3000
> User-Agent: curl/7.43.0
> Accept: */*
>
< HTTP/1.1 200 OK
< X-Frame-Options: SAMEORIGIN
< X-Xss-Protection: 1; mode=block
< X-Content-Type-Options: nosniff
< Content-Type: application/json; charset=utf-8
< Etag: W/"85046ca7db79550a5e7007b0220ba1aa"
< Cache-Control: max-age=0, private, must-revalidate
< X-Request-Id: 4b31c0b7-5756-41a5-baf4-889a8ed1565a
< X-Runtime: 0.003941
< Server: WEBrick/1.3.1 (Ruby/2.2.1/2015-02-26)
< Date: Tue, 22 Dec 2015 21:35:27 GMT
< Content-Length: 67
< Connection: Keep-Alive
<
* Connection #0 to host localhost left intact
{"event":{"id":22,"data":"NAME-22-2 is now at LATITUDE/LONGITUDE"}}%

~ ⌚ 14:35:27
$ curl -v -X PUT "http://localhost:3000/events/2" -H "Content-Type: application/json" -d '{"data":"NAME-22-2 is now at LATITUDE/LONGITUDE"}'
*   Trying ::1...
* connect to ::1 port 3000 failed: Connection refused
*   Trying 127.0.0.1...
* Connected to localhost (127.0.0.1) port 3000 (#0)
> PUT /events/2 HTTP/1.1
> Host: localhost:3000
> User-Agent: curl/7.43.0
> Accept: */*
> Content-Type: application/json
> Content-Length: 49
>
* upload completely sent off: 49 out of 49 bytes
< HTTP/1.1 204 No Content
< X-Frame-Options: SAMEORIGIN
< X-Xss-Protection: 1; mode=block
< X-Content-Type-Options: nosniff
< Cache-Control: no-cache
< X-Request-Id: 6094d810-d9ed-40d3-b979-15f1499eb8b1
< X-Runtime: 0.003161
< Server: WEBrick/1.3.1 (Ruby/2.2.1/2015-02-26)
< Date: Tue, 22 Dec 2015 21:35:41 GMT
< Connection: Keep-Alive
< Set-Cookie: request_method=PUT; path=/
<
* Connection #0 to host localhost left intact

~ ⌚ 14:35:41
$ curl -v -X DELETE http://localhost:3000/events/22                                                           ‹ruby-2.2.1›
*   Trying ::1...
* connect to ::1 port 3000 failed: Connection refused
*   Trying 127.0.0.1...
* Connected to localhost (127.0.0.1) port 3000 (#0)
> DELETE /events/22 HTTP/1.1
> Host: localhost:3000
> User-Agent: curl/7.43.0
> Accept: */*
>
< HTTP/1.1 205 Reset Content
< X-Frame-Options: SAMEORIGIN
< X-Xss-Protection: 1; mode=block
< X-Content-Type-Options: nosniff
< Content-Type: application/json; charset=utf-8
< Cache-Control: no-cache
< X-Request-Id: e909f88c-e4b3-468f-b2dd-750134e941d4
< X-Runtime: 0.005299
< Server: WEBrick/1.3.1 (Ruby/2.2.1/2015-02-26)
< Date: Tue, 22 Dec 2015 21:36:07 GMT
< Content-Length: 9
< Connection: Keep-Alive
< Set-Cookie: request_method=DELETE; path=/
<
* Connection #0 to host localhost left intact
{"id":22}%

~ ⌚ 14:36:07
$ curl -v -X DELETE http://localhost:3000/events/2                                                            ‹ruby-2.2.1›
*   Trying ::1...
* connect to ::1 port 3000 failed: Connection refused
*   Trying 127.0.0.1...
* Connected to localhost (127.0.0.1) port 3000 (#0)
> DELETE /events/2 HTTP/1.1
> Host: localhost:3000
> User-Agent: curl/7.43.0
> Accept: */*
>
< HTTP/1.1 204 No Content
< X-Frame-Options: SAMEORIGIN
< X-Xss-Protection: 1; mode=block
< X-Content-Type-Options: nosniff
< Cache-Control: no-cache
< X-Request-Id: 307bed66-1ef2-42a1-86c1-319150df3656
< X-Runtime: 0.002732
< Server: WEBrick/1.3.1 (Ruby/2.2.1/2015-02-26)
< Date: Tue, 22 Dec 2015 21:36:21 GMT
< Connection: Keep-Alive
< Set-Cookie: request_method=DELETE; path=/
<
* Connection #0 to host localhost left intact

~ ⌚ 14:36:21
$ curl -v -X GET http://localhost:3000/events                                                                 ‹ruby-2.2.1›
*   Trying ::1...
* connect to ::1 port 3000 failed: Connection refused
*   Trying 127.0.0.1...
* Connected to localhost (127.0.0.1) port 3000 (#0)
> GET /events HTTP/1.1
> Host: localhost:3000
> User-Agent: curl/7.43.0
> Accept: */*
>
< HTTP/1.1 200 OK
< X-Frame-Options: SAMEORIGIN
< X-Xss-Protection: 1; mode=block
< X-Content-Type-Options: nosniff
< Content-Type: application/json; charset=utf-8
< Etag: W/"4fb21d1f7c4b8ac3ac054304410af1d4"
< Cache-Control: max-age=0, private, must-revalidate
< X-Request-Id: 38ee1123-e942-41c5-93c8-07a1a6ab4524
< X-Runtime: 0.003456
< Server: WEBrick/1.3.1 (Ruby/2.2.1/2015-02-26)
< Date: Tue, 22 Dec 2015 21:36:40 GMT
< Content-Length: 64
< Connection: Keep-Alive
<
* Connection #0 to host localhost left intact
[{"event":{"id":21,"data":"NAME is now at LATITUDE/LONGITUDE"}}]%

~ ⌚ 14:36:40
$ curl -v -X DELETE http://localhost:3000/events                                                              ‹ruby-2.2.1›
*   Trying ::1...
* connect to ::1 port 3000 failed: Connection refused
*   Trying 127.0.0.1...
* Connected to localhost (127.0.0.1) port 3000 (#0)
> DELETE /events HTTP/1.1
> Host: localhost:3000
> User-Agent: curl/7.43.0
> Accept: */*
>
< HTTP/1.1 205 Reset Content
< X-Frame-Options: SAMEORIGIN
< X-Xss-Protection: 1; mode=block
< X-Content-Type-Options: nosniff
< Content-Type: application/json; charset=utf-8
< Cache-Control: no-cache
< X-Request-Id: 8b6b93fe-7b3d-4050-94a9-d9de4eb676c6
< X-Runtime: 0.004369
< Server: WEBrick/1.3.1 (Ruby/2.2.1/2015-02-26)
< Date: Tue, 22 Dec 2015 21:36:56 GMT
< Content-Length: 4
< Connection: Keep-Alive
< Set-Cookie: request_method=DELETE; path=/
<
* Connection #0 to host localhost left intact
null%
~ ⌚ 14:36:56
$                                                                                                             ‹ruby-2.2.1›